========================================================================
DOWN-SECTOR RESIDUAL: IS IT 2-LOOP? — SPEC_DOWN2L v1.0
Seed 20260811 | N=100,000 | M_Z=91.1876 GeV → μ=3.0 TeV
CKM: |V_ts|²=0.001722, |V_td|²=0.000076
Output: /home/Drew/joint-coincidence-budget/downtype-drift/results/2L
========================================================================

========================================================================
CENTRAL-VALUE DRIFT COMPUTATIONS
========================================================================

─── (a) 1-loop only ───
  Q_inv(M_Z)  = 0.66738503
  Q_inv(3TeV) = 0.66696473
  Drift       = -0.0630%
  Sensitivities dlnQ/dln[y_d,y_s,y_b] = [-0.1545, +0.1309, +0.0236]

─── (b) 2-loop up-only ───
  Drift       = -0.0618%

─── (c) 2-loop full (both sectors + CKM) ───
  Drift       = -0.0655%

========================================================================
FULL ERROR MODEL — draw-once, N=100,000, seed=20260811
========================================================================
  [10000/100000] 39s, ~348s remaining (fail: 0/0/0)
  [20000/100000] 78s, ~312s remaining (fail: 0/0/0)
  [30000/100000] 118s, ~274s remaining (fail: 0/0/0)
  [40000/100000] 157s, ~236s remaining (fail: 0/0/0)
