
======================================================================
CO-AREA ENGINE v1.0 — T1 as Derived Conditional
Spec: specs/SPEC_COAREA.md
Mode: full | Seed: 271828
Output: results/coarea
======================================================================
======================================================================
GATE C1: Co-Area Conditional vs Specified T1 Sheet Measure
======================================================================

──────────────────────────────────────────────────
Part 1: Epsilon-shell sampling from T0
──────────────────────────────────────────────────

  Epsilon = 0.003
  [eps=0.003] drawn 50,000,000, shell=372647, rate=3,006,607/s
  [eps=0.003] drawn 100,000,000, shell=745228, rate=3,323,262/s
  Shell samples: 745228, median log10(r) = -2.332195

  Epsilon = 0.001
  [eps=0.001] drawn 50,000,000, shell=123866, rate=3,167,386/s
  [eps=0.001] drawn 100,000,000, shell=248194, rate=5,340,110/s
  Shell samples: 248194, median log10(r) = -2.331348

  Epsilon = 0.0003
  [eps=0.0003] drawn 50,000,000, shell=36915, rate=4,841,078/s
  [eps=0.0003] drawn 100,000,000, shell=74255, rate=2,499,167/s
  Shell samples: 74255, median log10(r) = -2.328533

  Epsilon = 0.0001
  [eps=0.0001] drawn 50,000,000, shell=12243, rate=1,348,323/s
  [eps=0.0001] drawn 100,000,000, shell=24656, rate=2,067,362/s
  Shell samples: 24656, median log10(r) = -2.332516

  Convergence of median log10(r) with eps:
    eps=1e-04: median=-2.332516 ± 0.004391 (MC), N_shell=24656
    eps=3e-04: median=-2.328533 ± 0.002583 (MC), N_shell=74255
    eps=1e-03: median=-2.331348 ± 0.001388 (MC), N_shell=248194
    eps=3e-03: median=-2.332195 ± 0.000819 (MC), N_shell=745228
  Converged value (smallest 3 eps): -2.330692 ± 0.001565 (spread)

──────────────────────────────────────────────────
Part 2: T1 specified sheet sampler statistics
──────────────────────────────────────────────────
  N accepted: 200000, N attempted: 1000000
  Acceptance rate: 0.2000
  Median log10(r): -3.418298 ± 0.003614 (MC)
  Median log10(m3): 1.382936

──────────────────────────────────────────────────
Part 3: T1 alt sheet (m2, m1/m2) statistics
──────────────────────────────────────────────────
  N accepted: 200000, N attempted: 1000000
  Acceptance rate: 0.2000
  Median log10(r): -4.178761 ± 0.004267 (MC)
  Median log10(m3): 2.599895

──────────────────────────────────────────────────
Part 4: Co-Area vs Specified T1 Comparison
──────────────────────────────────────────────────

  Co-area median log10(r):     -2.332516 ± 0.004391
  T1 specified median log10(r): -3.418298 ± 0.003614
  T1 alt median log10(r):       -4.178761 ± 0.004267

  |Coarea - Specified| = 1.085782 (190.93σ)
  |Coarea - Alt|       = 1.846246 (301.54σ)
  |Specified - Alt|    = 0.760464

  Co-area vs Specified within 2σ: ✗ DIFFER
  Co-area vs Alt within 2σ:       ✗ DIFFER

  GATE C1: ✗ FAILED

  |∇Q| statistics on T1 specified surface:
    mean = 0.136083, std = 0.000000
    min = 0.136083, max = 0.136083
    CV = 0.0000

  |∇Q| statistics on T1 alt surface:
    mean = 0.136083, std = 0.000000
    CV = 0.0000
Traceback (most recent call last):
  File "/home/Drew/joint-coincidence-budget/scripts/coarea_engine.py", line 1463, in <module>
    main()
  File "/home/Drew/joint-coincidence-budget/scripts/coarea_engine.py", line 1370, in main
    json.dump({"gate": "C1", "passed": gate_c1_passed,
  File "/usr/lib64/python3.9/json/__init__.py", line 179, in dump
    for chunk in iterable:
  File "/usr/lib64/python3.9/json/encoder.py", line 431, in _iterencode
    yield from _iterencode_dict(o, _current_indent_level)
  File "/usr/lib64/python3.9/json/encoder.py", line 405, in _iterencode_dict
    yield from chunks
  File "/usr/lib64/python3.9/json/encoder.py", line 438, in _iterencode
    o = _default(o)
  File "/usr/lib64/python3.9/json/encoder.py", line 179, in default
    raise TypeError(f'Object of type {o.__class__.__name__} '
TypeError: Object of type bool_ is not JSON serializable

======================================================================
CO-AREA ENGINE v1.0 — T1 as Derived Conditional
Spec: specs/SPEC_COAREA.md
Mode: full | Seed: 271828
Output: results/coarea
======================================================================
======================================================================
GATE C1: Co-Area Conditional vs Specified T1 Sheet Measure
======================================================================

──────────────────────────────────────────────────
Part 1: Epsilon-shell sampling from T0
──────────────────────────────────────────────────

  Epsilon = 0.003
  [eps=0.003] drawn 50,000,000, shell=372647, rate=15,589,641/s
  [eps=0.003] drawn 100,000,000, shell=745228, rate=15,806,683/s
  Shell samples: 745228, median log10(r) = -2.332195

  Epsilon = 0.001
  [eps=0.001] drawn 50,000,000, shell=123866, rate=16,599,968/s
  [eps=0.001] drawn 100,000,000, shell=248194, rate=16,738,660/s
  Shell samples: 248194, median log10(r) = -2.331348

  Epsilon = 0.0003
  [eps=0.0003] drawn 50,000,000, shell=36915, rate=16,791,171/s
  [eps=0.0003] drawn 100,000,000, shell=74255, rate=16,760,140/s
  Shell samples: 74255, median log10(r) = -2.328533

  Epsilon = 0.0001
  [eps=0.0001] drawn 50,000,000, shell=12243, rate=16,230,863/s
  [eps=0.0001] drawn 100,000,000, shell=24656, rate=16,265,630/s
  Shell samples: 24656, median log10(r) = -2.332516

  Convergence of median log10(r) with eps:
    eps=1e-04: median=-2.332516 ± 0.004364 (MC), N_shell=24656
    eps=3e-04: median=-2.328533 ± 0.002627 (MC), N_shell=74255
    eps=1e-03: median=-2.331348 ± 0.001402 (MC), N_shell=248194
    eps=3e-03: median=-2.332195 ± 0.000795 (MC), N_shell=745228
  Converged value (smallest 3 eps): -2.330692 ± 0.001565 (spread)

──────────────────────────────────────────────────
Part 2: T1 specified sheet sampler statistics
──────────────────────────────────────────────────
  N accepted: 200000, N attempted: 1000000
  Acceptance rate: 0.2000
  Median log10(r): -3.418298 ± 0.003639 (MC)
  Median log10(m3): 1.382936

──────────────────────────────────────────────────
Part 3: T1 alt sheet (m2, m1/m2) statistics
──────────────────────────────────────────────────
  N accepted: 200000, N attempted: 1000000
  Acceptance rate: 0.2000
  Median log10(r): -4.178761 ± 0.004166 (MC)
  Median log10(m3): 2.599895

──────────────────────────────────────────────────
Part 4: Co-Area vs Specified T1 Comparison
──────────────────────────────────────────────────

  Co-area median log10(r):     -2.332516 ± 0.004364
  T1 specified median log10(r): -3.418298 ± 0.003639
  T1 alt median log10(r):       -4.178761 ± 0.004166

  |Coarea - Specified| = 1.085782 (191.09σ)
  |Coarea - Alt|       = 1.846246 (306.02σ)
  |Specified - Alt|    = 0.760464

  Co-area vs Specified within 2σ: ✗ DIFFER
  Co-area vs Alt within 2σ:       ✗ DIFFER

  GATE C1: ✗ FAILED

  |∇Q| statistics on T1 specified surface:
    mean = 0.136083, std = 0.000000
    min = 0.136083, max = 0.136083
    CV = 0.0000

  |∇Q| statistics on T1 alt surface:
    mean = 0.136083, std = 0.000000
    CV = 0.0000

Saved GATE C1: results/coarea/gate_C1.json

======================================================================
GATE C2: Support Gate — Co-Area Conditional
======================================================================

  r_obs = m_e/m_τ = 2.875740e-04
  Co-area sampled r range: [1.533429e-04, 1.472137e-02]
  r_obs = 2.875740e-04

  r_obs in sampled range: ✓
  m3/m1 = 3477.4 > 67.9: ✓
  T1 specified r range: [1.000000e-05, 1.471861e-02]
  r_obs within T1 specified range: ✓

  GATE C2: ✓ PASSED
Saved GATE C2: results/coarea/gate_C2.json

======================================================================
CO-AREA TIER-1 CASCADE
======================================================================

======================================================================
CO-AREA TIER-1 CASCADE: T1_coarea_menu_logU
N_eff target: 2,000,000,000 accepted worlds
Seed: 271828
======================================================================

  [coarea T1/menu] batch 10/2000, N_acc=7,920,517, N_att=10,000,000, rate=7,554,596/s, ESS=7,920,516, joint_w=0.000000, joint_uw=0
  [coarea T1/menu] batch 20/2000, N_acc=15,839,457, N_att=20,000,000, rate=7,820,699/s, ESS=15,839,455, joint_w=0.000000, joint_uw=0
  [coarea T1/menu] batch 30/2000, N_acc=23,759,112, N_att=30,000,000, rate=7,960,160/s, ESS=23,759,109, joint_w=0.000000, joint_uw=0
  [coarea T1/menu] batch 40/2000, N_acc=31,680,670, N_att=40,000,000, rate=7,944,765/s, ESS=31,680,666, joint_w=0.000000, joint_uw=0
  [coarea T1/menu] batch 50/2000, N_acc=39,599,914, N_att=50,000,000, rate=7,947,458/s, ESS=39,599,908, joint_w=0.000000, joint_uw=0
  [coarea T1/menu] batch 60/2000, N_acc=47,519,854, N_att=60,000,000, rate=8,000,351/s, ESS=47,519,846, joint_w=0.000000, joint_uw=0
  [coarea T1/menu] batch 70/2000, N_acc=55,436,592, N_att=70,000,000, rate=8,055,444/s, ESS=55,436,582, joint_w=0.000000, joint_uw=0
  [coarea T1/menu] batch 80/2000, N_acc=63,357,602, N_att=80,000,000, rate=8,100,513/s, ESS=63,357,590, joint_w=0.000000, joint_uw=0
  [coarea T1/menu] batch 90/2000, N_acc=71,277,878, N_att=90,000,000, rate=8,096,683/s, ESS=71,277,864, joint_w=0.000000, joint_uw=0
  [coarea T1/menu] batch 100/2000, N_acc=79,198,917, N_att=100,000,000, rate=8,133,745/s, ESS=79,198,899, joint_w=0.000000, joint_uw=0
  [coarea T1/menu] batch 110/2000, N_acc=87,120,551, N_att=110,000,000, rate=8,172,720/s, ESS=87,120,530, joint_w=0.000000, joint_uw=0
  [coarea T1/menu] batch 120/2000, N_acc=95,042,799, N_att=120,000,000, rate=8,196,587/s, ESS=95,042,776, joint_w=0.000000, joint_uw=0
  [coarea T1/menu] batch 130/2000, N_acc=102,961,191, N_att=130,000,000, rate=8,214,983/s, ESS=102,961,167, joint_w=0.000000, joint_uw=0
  [coarea T1/menu] batch 140/2000, N_acc=110,879,949, N_att=140,000,000, rate=8,218,256/s, ESS=110,879,922, joint_w=0.000000, joint_uw=0
  [coarea T1/menu] batch 150/2000, N_acc=118,800,283, N_att=150,000,000, rate=8,213,467/s, ESS=118,800,254, joint_w=0.000000, joint_uw=0
  [coarea T1/menu] batch 160/2000, N_acc=126,720,231, N_att=160,000,000, rate=8,222,800/s, ESS=126,720,198, joint_w=0.000000, joint_uw=0
  [coarea T1/menu] batch 170/2000, N_acc=134,639,384, N_att=170,000,000, rate=8,228,149/s, ESS=134,639,349, joint_w=0.000000, joint_uw=0
  [coarea T1/menu] batch 180/2000, N_acc=142,558,781, N_att=180,000,000, rate=8,229,655/s, ESS=142,558,745, joint_w=0.000000, joint_uw=0
  [coarea T1/menu] batch 190/2000, N_acc=150,476,765, N_att=190,000,000, rate=8,236,738/s, ESS=150,476,727, joint_w=0.000000, joint_uw=0
  [coarea T1/menu] batch 200/2000, N_acc=158,395,708, N_att=200,000,000, rate=8,237,796/s, ESS=158,395,668, joint_w=0.000000, joint_uw=0
  [coarea T1/menu] batch 210/2000, N_acc=166,314,843, N_att=210,000,000, rate=8,249,467/s, ESS=166,314,800, joint_w=0.000000, joint_uw=0
  [coarea T1/menu] batch 220/2000, N_acc=174,233,699, N_att=220,000,000, rate=8,253,295/s, ESS=174,233,654, joint_w=0.000000, joint_uw=0
  [coarea T1/menu] batch 230/2000, N_acc=182,153,032, N_att=230,000,000, rate=8,244,998/s, ESS=182,152,986, joint_w=0.000000, joint_uw=0
  [coarea T1/menu] batch 240/2000, N_acc=190,073,741, N_att=240,000,000, rate=8,252,278/s, ESS=190,073,693, joint_w=0.000000, joint_uw=0
  [coarea T1/menu] batch 250/2000, N_acc=197,995,508, N_att=250,000,000, rate=8,261,245/s, ESS=197,995,458, joint_w=0.000000, joint_uw=0
  [coarea T1/menu] batch 260/2000, N_acc=205,913,179, N_att=260,000,000, rate=8,265,397/s, ESS=205,913,127, joint_w=0.000000, joint_uw=0
  [coarea T1/menu] batch 270/2000, N_acc=213,831,334, N_att=270,000,000, rate=8,271,005/s, ESS=213,831,279, joint_w=0.000000, joint_uw=0
  [coarea T1/menu] batch 280/2000, N_acc=221,750,810, N_att=280,000,000, rate=8,279,368/s, ESS=221,750,753, joint_w=0.000000, joint_uw=0
  [coarea T1/menu] batch 290/2000, N_acc=229,670,187, N_att=290,000,000, rate=8,285,615/s, ESS=229,670,127, joint_w=0.000000, joint_uw=0
  [coarea T1/menu] batch 300/2000, N_acc=237,591,479, N_att=300,000,000, rate=8,291,609/s, ESS=237,591,419, joint_w=0.000000, joint_uw=0
  [coarea T1/menu] batch 310/2000, N_acc=245,511,778, N_att=310,000,000, rate=8,290,399/s, ESS=245,511,717, joint_w=0.000000, joint_uw=0
  [coarea T1/menu] batch 320/2000, N_acc=253,431,455, N_att=320,000,000, rate=8,291,867/s, ESS=253,431,392, joint_w=0.000000, joint_uw=0
  [coarea T1/menu] batch 330/2000, N_acc=261,350,673, N_att=330,000,000, rate=8,290,490/s, ESS=261,350,608, joint_w=0.000000, joint_uw=0
  [coarea T1/menu] batch 340/2000, N_acc=269,268,517, N_att=340,000,000, rate=8,290,390/s, ESS=269,268,451, joint_w=0.000000, joint_uw=0
  [coarea T1/menu] batch 350/2000, N_acc=277,187,988, N_att=350,000,000, rate=8,286,472/s, ESS=277,187,920, joint_w=0.000000, joint_uw=0
  [coarea T1/menu] batch 360/2000, N_acc=285,107,992, N_att=360,000,000, rate=8,278,106/s, ESS=285,107,923, joint_w=0.000000, joint_uw=0
  [coarea T1/menu] batch 370/2000, N_acc=293,026,184, N_att=370,000,000, rate=8,272,328/s, ESS=293,026,112, joint_w=0.000000, joint_uw=0
  [coarea T1/menu] batch 380/2000, N_acc=300,944,142, N_att=380,000,000, rate=8,264,930/s, ESS=300,944,069, joint_w=0.000000, joint_uw=0
  [coarea T1/menu] batch 390/2000, N_acc=308,866,067, N_att=390,000,000, rate=8,262,102/s, ESS=308,865,991, joint_w=0.000000, joint_uw=0
  [coarea T1/menu] batch 400/2000, N_acc=316,784,687, N_att=400,000,000, rate=8,261,655/s, ESS=316,784,609, joint_w=0.000000, joint_uw=0
  [coarea T1/menu] batch 410/2000, N_acc=324,703,565, N_att=410,000,000, rate=8,259,052/s, ESS=324,703,486, joint_w=0.000000, joint_uw=0
  [coarea T1/menu] batch 420/2000, N_acc=332,625,837, N_att=420,000,000, rate=8,257,831/s, ESS=332,625,756, joint_w=0.000000, joint_uw=0
  [coarea T1/menu] batch 430/2000, N_acc=340,545,192, N_att=430,000,000, rate=8,256,850/s, ESS=340,545,109, joint_w=0.000000, joint_uw=0
  [coarea T1/menu] batch 440/2000, N_acc=348,465,468, N_att=440,000,000, rate=8,249,876/s, ESS=348,465,383, joint_w=0.000000, joint_uw=0
  [coarea T1/menu] batch 450/2000, N_acc=356,386,914, N_att=450,000,000, rate=8,248,456/s, ESS=356,386,827, joint_w=0.000000, joint_uw=0
  [coarea T1/menu] batch 460/2000, N_acc=364,304,321, N_att=460,000,000, rate=8,246,839/s, ESS=364,304,231, joint_w=0.000000, joint_uw=0
  [coarea T1/menu] batch 470/2000, N_acc=372,222,312, N_att=470,000,000, rate=8,245,207/s, ESS=372,222,219, joint_w=0.000000, joint_uw=0
  [coarea T1/menu] batch 480/2000, N_acc=380,145,294, N_att=480,000,000, rate=8,240,943/s, ESS=380,145,199, joint_w=0.000000, joint_uw=0
  [coarea T1/menu] batch 490/2000, N_acc=388,066,216, N_att=490,000,000, rate=8,239,399/s, ESS=388,066,120, joint_w=0.000000, joint_uw=0
  [coarea T1/menu] batch 500/2000, N_acc=395,986,584, N_att=500,000,000, rate=8,243,276/s, ESS=395,986,486, joint_w=0.000000, joint_uw=0
  [coarea T1/menu] batch 510/2000, N_acc=403,906,666, N_att=510,000,000, rate=8,247,020/s, ESS=403,906,567, joint_w=0.000000, joint_uw=0
  [coarea T1/menu] batch 520/2000, N_acc=411,827,158, N_att=520,000,000, rate=8,251,477/s, ESS=411,827,057, joint_w=0.000000, joint_uw=0
  [coarea T1/menu] batch 530/2000, N_acc=419,747,240, N_att=530,000,000, rate=8,251,634/s, ESS=419,747,136, joint_w=0.000000, joint_uw=0
  [coarea T1/menu] batch 540/2000, N_acc=427,668,575, N_att=540,000,000, rate=8,256,694/s, ESS=427,668,470, joint_w=0.000000, joint_uw=0
  [coarea T1/menu] batch 550/2000, N_acc=435,589,529, N_att=550,000,000, rate=8,262,350/s, ESS=435,589,421, joint_w=0.000000, joint_uw=0
  [coarea T1/menu] batch 560/2000, N_acc=443,512,131, N_att=560,000,000, rate=8,265,311/s, ESS=443,512,019, joint_w=0.000000, joint_uw=0
  [coarea T1/menu] batch 570/2000, N_acc=451,430,805, N_att=570,000,000, rate=8,265,421/s, ESS=451,430,691, joint_w=0.000000, joint_uw=0
  [coarea T1/menu] batch 580/2000, N_acc=459,350,878, N_att=580,000,000, rate=8,265,992/s, ESS=459,350,762, joint_w=0.000000, joint_uw=0
  [coarea T1/menu] batch 590/2000, N_acc=467,273,440, N_att=590,000,000, rate=8,261,546/s, ESS=467,273,322, joint_w=0.000000, joint_uw=0
  [coarea T1/menu] batch 600/2000, N_acc=475,191,612, N_att=600,000,000, rate=8,258,635/s, ESS=475,191,491, joint_w=0.000000, joint_uw=0
  [coarea T1/menu] batch 610/2000, N_acc=483,113,974, N_att=610,000,000, rate=8,256,076/s, ESS=483,113,851, joint_w=0.000000, joint_uw=0
  [coarea T1/menu] batch 620/2000, N_acc=491,033,967, N_att=620,000,000, rate=8,259,243/s, ESS=491,033,842, joint_w=0.000000, joint_uw=0
  [coarea T1/menu] batch 630/2000, N_acc=498,950,581, N_att=630,000,000, rate=8,260,863/s, ESS=498,950,453, joint_w=0.000000, joint_uw=0
  [coarea T1/menu] batch 640/2000, N_acc=506,872,301, N_att=640,000,000, rate=8,258,541/s, ESS=506,872,171, joint_w=0.000000, joint_uw=0
  [coarea T1/menu] batch 650/2000, N_acc=514,791,277, N_att=650,000,000, rate=8,257,776/s, ESS=514,791,146, joint_w=0.000000, joint_uw=0
  [coarea T1/menu] batch 660/2000, N_acc=522,709,636, N_att=660,000,000, rate=8,259,790/s, ESS=522,709,504, joint_w=0.000000, joint_uw=0
  [coarea T1/menu] batch 670/2000, N_acc=530,630,793, N_att=670,000,000, rate=8,258,456/s, ESS=530,630,658, joint_w=0.000000, joint_uw=0
  [coarea T1/menu] batch 680/2000, N_acc=538,552,122, N_att=680,000,000, rate=8,256,373/s, ESS=538,551,985, joint_w=0.000000, joint_uw=0
  [coarea T1/menu] batch 690/2000, N_acc=546,471,492, N_att=690,000,000, rate=8,253,271/s, ESS=546,471,352, joint_w=0.000000, joint_uw=0
  [coarea T1/menu] batch 700/2000, N_acc=554,391,403, N_att=700,000,000, rate=8,254,084/s, ESS=554,391,261, joint_w=0.000000, joint_uw=0
  [coarea T1/menu] batch 710/2000, N_acc=562,310,912, N_att=710,000,000, rate=8,250,851/s, ESS=562,310,768, joint_w=0.000000, joint_uw=0
  [coarea T1/menu] batch 720/2000, N_acc=570,230,545, N_att=720,000,000, rate=8,247,497/s, ESS=570,230,400, joint_w=0.000000, joint_uw=0
  [coarea T1/menu] batch 730/2000, N_acc=578,149,535, N_att=730,000,000, rate=8,246,595/s, ESS=578,149,386, joint_w=0.000000, joint_uw=0
  [coarea T1/menu] batch 740/2000, N_acc=586,067,263, N_att=740,000,000, rate=8,244,329/s, ESS=586,067,112, joint_w=0.000000, joint_uw=0
  [coarea T1/menu] batch 750/2000, N_acc=593,986,789, N_att=750,000,000, rate=8,246,287/s, ESS=593,986,636, joint_w=0.000000, joint_uw=0
  [coarea T1/menu] batch 760/2000, N_acc=601,907,928, N_att=760,000,000, rate=8,243,597/s, ESS=601,907,773, joint_w=0.000000, joint_uw=0
  [coarea T1/menu] batch 770/2000, N_acc=609,827,301, N_att=770,000,000, rate=8,244,152/s, ESS=609,827,142, joint_w=0.000000, joint_uw=0
  [coarea T1/menu] batch 780/2000, N_acc=617,746,011, N_att=780,000,000, rate=8,244,945/s, ESS=617,745,849, joint_w=0.000000, joint_uw=0
  [coarea T1/menu] batch 790/2000, N_acc=625,666,256, N_att=790,000,000, rate=8,244,060/s, ESS=625,666,094, joint_w=0.000000, joint_uw=0
  [coarea T1/menu] batch 800/2000, N_acc=633,586,399, N_att=800,000,000, rate=8,245,329/s, ESS=633,586,236, joint_w=0.000000, joint_uw=0
  [coarea T1/menu] batch 810/2000, N_acc=641,506,071, N_att=810,000,000, rate=8,246,892/s, ESS=641,505,906, joint_w=0.000000, joint_uw=0
  [coarea T1/menu] batch 820/2000, N_acc=649,424,503, N_att=820,000,000, rate=8,247,408/s, ESS=649,424,336, joint_w=0.000000, joint_uw=0
  [coarea T1/menu] batch 830/2000, N_acc=657,345,143, N_att=830,000,000, rate=8,247,022/s, ESS=657,344,973, joint_w=0.000000, joint_uw=0
  [coarea T1/menu] batch 840/2000, N_acc=665,264,303, N_att=840,000,000, rate=8,243,678/s, ESS=665,264,131, joint_w=0.000000, joint_uw=0
  [coarea T1/menu] batch 850/2000, N_acc=673,184,701, N_att=850,000,000, rate=8,243,159/s, ESS=673,184,527, joint_w=0.000000, joint_uw=0
  [coarea T1/menu] batch 860/2000, N_acc=681,105,488, N_att=860,000,000, rate=8,242,973/s, ESS=681,105,312, joint_w=0.000000, joint_uw=0
  [coarea T1/menu] batch 870/2000, N_acc=689,023,620, N_att=870,000,000, rate=8,240,358/s, ESS=689,023,442, joint_w=0.000000, joint_uw=0
  [coarea T1/menu] batch 880/2000, N_acc=696,942,073, N_att=880,000,000, rate=8,241,209/s, ESS=696,941,893, joint_w=0.000000, joint_uw=0
  [coarea T1/menu] batch 890/2000, N_acc=704,864,254, N_att=890,000,000, rate=8,243,423/s, ESS=704,864,073, joint_w=0.000000, joint_uw=0
  [coarea T1/menu] batch 900/2000, N_acc=712,784,259, N_att=900,000,000, rate=8,244,959/s, ESS=712,784,076, joint_w=0.000000, joint_uw=0
  [coarea T1/menu] batch 910/2000, N_acc=720,704,270, N_att=910,000,000, rate=8,244,136/s, ESS=720,704,087, joint_w=0.000000, joint_uw=0
  [coarea T1/menu] batch 920/2000, N_acc=728,625,443, N_att=920,000,000, rate=8,245,742/s, ESS=728,625,258, joint_w=0.000000, joint_uw=0
  [coarea T1/menu] batch 930/2000, N_acc=736,543,717, N_att=930,000,000, rate=8,246,306/s, ESS=736,543,531, joint_w=0.000000, joint_uw=0
  [coarea T1/menu] batch 940/2000, N_acc=744,464,648, N_att=940,000,000, rate=8,246,912/s, ESS=744,464,460, joint_w=0.000000, joint_uw=0
  [coarea T1/menu] batch 950/2000, N_acc=752,385,212, N_att=950,000,000, rate=8,249,641/s, ESS=752,385,022, joint_w=0.000000, joint_uw=0
  [coarea T1/menu] batch 960/2000, N_acc=760,308,614, N_att=960,000,000, rate=8,249,254/s, ESS=760,308,421, joint_w=0.000000, joint_uw=0
  [coarea T1/menu] batch 970/2000, N_acc=768,228,692, N_att=970,000,000, rate=8,251,139/s, ESS=768,228,496, joint_w=0.000000, joint_uw=0
  [coarea T1/menu] batch 980/2000, N_acc=776,149,891, N_att=980,000,000, rate=8,254,242/s, ESS=776,149,693, joint_w=0.000000, joint_uw=0
  [coarea T1/menu] batch 990/2000, N_acc=784,069,145, N_att=990,000,000, rate=8,256,831/s, ESS=784,068,946, joint_w=0.000000, joint_uw=0
  [coarea T1/menu] batch 1000/2000, N_acc=791,988,583, N_att=1,000,000,000, rate=8,259,751/s, ESS=791,988,383, joint_w=0.000000, joint_uw=0
  [coarea T1/menu] batch 1010/2000, N_acc=799,907,292, N_att=1,010,000,000, rate=8,261,663/s, ESS=799,907,087, joint_w=0.000000, joint_uw=0
  [coarea T1/menu] batch 1020/2000, N_acc=807,826,287, N_att=1,020,000,000, rate=8,264,334/s, ESS=807,826,080, joint_w=0.000000, joint_uw=0
  [coarea T1/menu] batch 1030/2000, N_acc=815,744,785, N_att=1,030,000,000, rate=8,266,177/s, ESS=815,744,574, joint_w=0.000000, joint_uw=0
  [coarea T1/menu] batch 1040/2000, N_acc=823,664,662, N_att=1,040,000,000, rate=8,267,900/s, ESS=823,664,451, joint_w=0.000000, joint_uw=0
  [coarea T1/menu] batch 1050/2000, N_acc=831,584,349, N_att=1,050,000,000, rate=8,267,679/s, ESS=831,584,135, joint_w=0.000000, joint_uw=0
  [coarea T1/menu] batch 1060/2000, N_acc=839,505,978, N_att=1,060,000,000, rate=8,268,887/s, ESS=839,505,763, joint_w=0.000000, joint_uw=0
  [coarea T1/menu] batch 1070/2000, N_acc=847,426,920, N_att=1,070,000,000, rate=8,267,901/s, ESS=847,426,703, joint_w=0.000000, joint_uw=0
  [coarea T1/menu] batch 1080/2000, N_acc=855,346,282, N_att=1,080,000,000, rate=8,266,790/s, ESS=855,346,062, joint_w=0.000000, joint_uw=0
  [coarea T1/menu] batch 1090/2000, N_acc=863,266,494, N_att=1,090,000,000, rate=8,266,141/s, ESS=863,266,274, joint_w=0.000000, joint_uw=0
  [coarea T1/menu] batch 1100/2000, N_acc=871,186,920, N_att=1,100,000,000, rate=8,262,514/s, ESS=871,186,696, joint_w=0.000000, joint_uw=0
  [coarea T1/menu] batch 1110/2000, N_acc=879,107,123, N_att=1,110,000,000, rate=8,261,853/s, ESS=879,106,897, joint_w=0.000000, joint_uw=0
  [coarea T1/menu] batch 1120/2000, N_acc=887,026,513, N_att=1,120,000,000, rate=8,259,724/s, ESS=887,026,286, joint_w=0.000000, joint_uw=0
  [coarea T1/menu] batch 1130/2000, N_acc=894,946,020, N_att=1,130,000,000, rate=8,259,582/s, ESS=894,945,791, joint_w=0.000000, joint_uw=0
  [coarea T1/menu] batch 1140/2000, N_acc=902,867,402, N_att=1,140,000,000, rate=8,258,577/s, ESS=902,867,171, joint_w=0.000000, joint_uw=0
  [coarea T1/menu] batch 1150/2000, N_acc=910,786,359, N_att=1,150,000,000, rate=8,258,974/s, ESS=910,786,126, joint_w=0.000000, joint_uw=0
  [coarea T1/menu] batch 1160/2000, N_acc=918,706,170, N_att=1,160,000,000, rate=8,256,513/s, ESS=918,705,936, joint_w=0.000000, joint_uw=0
  [coarea T1/menu] batch 1170/2000, N_acc=926,625,146, N_att=1,170,000,000, rate=8,256,532/s, ESS=926,624,910, joint_w=0.000000, joint_uw=0
  [coarea T1/menu] batch 1180/2000, N_acc=934,545,003, N_att=1,180,000,000, rate=8,255,211/s, ESS=934,544,765, joint_w=0.000000, joint_uw=0
  [coarea T1/menu] batch 1190/2000, N_acc=942,466,762, N_att=1,190,000,000, rate=8,254,612/s, ESS=942,466,523, joint_w=0.000000, joint_uw=0
  [coarea T1/menu] batch 1200/2000, N_acc=950,386,662, N_att=1,200,000,000, rate=8,252,851/s, ESS=950,386,421, joint_w=0.000000, joint_uw=0
  [coarea T1/menu] batch 1210/2000, N_acc=958,305,007, N_att=1,210,000,000, rate=8,251,113/s, ESS=958,304,764, joint_w=0.000000, joint_uw=0
  [coarea T1/menu] batch 1220/2000, N_acc=966,222,677, N_att=1,220,000,000, rate=8,251,583/s, ESS=966,222,429, joint_w=0.000000, joint_uw=0
  [coarea T1/menu] batch 1230/2000, N_acc=974,143,081, N_att=1,230,000,000, rate=8,252,066/s, ESS=974,142,832, joint_w=0.000000, joint_uw=0
  [coarea T1/menu] batch 1240/2000, N_acc=982,063,695, N_att=1,240,000,000, rate=8,254,452/s, ESS=982,063,444, joint_w=0.000000, joint_uw=0
  [coarea T1/menu] batch 1250/2000, N_acc=989,985,271, N_att=1,250,000,000, rate=8,257,046/s, ESS=989,985,018, joint_w=0.000000, joint_uw=0
  [coarea T1/menu] batch 1260/2000, N_acc=997,905,051, N_att=1,260,000,000, rate=8,258,151/s, ESS=997,904,796, joint_w=0.000000, joint_uw=0
  [coarea T1/menu] batch 1270/2000, N_acc=1,005,824,402, N_att=1,270,000,000, rate=8,260,061/s, ESS=1,005,824,146, joint_w=0.000000, joint_uw=0
  [coarea T1/menu] batch 1280/2000, N_acc=1,013,745,160, N_att=1,280,000,000, rate=8,260,678/s, ESS=1,013,744,903, joint_w=0.000000, joint_uw=0
  [coarea T1/menu] batch 1290/2000, N_acc=1,021,663,368, N_att=1,290,000,000, rate=8,263,106/s, ESS=1,021,663,109, joint_w=0.000000, joint_uw=0
  [coarea T1/menu] batch 1300/2000, N_acc=1,029,583,772, N_att=1,300,000,000, rate=8,263,138/s, ESS=1,029,583,511, joint_w=0.000000, joint_uw=0
  [coarea T1/menu] batch 1310/2000, N_acc=1,037,502,650, N_att=1,310,000,000, rate=8,263,071/s, ESS=1,037,502,388, joint_w=0.000000, joint_uw=0
  [coarea T1/menu] batch 1320/2000, N_acc=1,045,424,652, N_att=1,320,000,000, rate=8,263,202/s, ESS=1,045,424,389, joint_w=0.000000, joint_uw=0
  [coarea T1/menu] batch 1330/2000, N_acc=1,053,343,873, N_att=1,330,000,000, rate=8,264,266/s, ESS=1,053,343,609, joint_w=0.000000, joint_uw=0
  [coarea T1/menu] batch 1340/2000, N_acc=1,061,264,811, N_att=1,340,000,000, rate=8,263,574/s, ESS=1,061,264,544, joint_w=0.000000, joint_uw=0
  [coarea T1/menu] batch 1350/2000, N_acc=1,069,184,646, N_att=1,350,000,000, rate=8,263,064/s, ESS=1,069,184,378, joint_w=0.000000, joint_uw=0
  [coarea T1/menu] batch 1360/2000, N_acc=1,077,102,949, N_att=1,360,000,000, rate=8,263,134/s, ESS=1,077,102,679, joint_w=0.000000, joint_uw=0
  [coarea T1/menu] batch 1370/2000, N_acc=1,085,020,916, N_att=1,370,000,000, rate=8,261,977/s, ESS=1,085,020,644, joint_w=0.000000, joint_uw=0
  [coarea T1/menu] batch 1380/2000, N_acc=1,092,940,101, N_att=1,380,000,000, rate=8,262,407/s, ESS=1,092,939,826, joint_w=0.000000, joint_uw=0
  [coarea T1/menu] batch 1390/2000, N_acc=1,100,858,956, N_att=1,390,000,000, rate=8,263,025/s, ESS=1,100,858,680, joint_w=0.000000, joint_uw=0
  [coarea T1/menu] batch 1400/2000, N_acc=1,108,778,982, N_att=1,400,000,000, rate=8,265,775/s, ESS=1,108,778,704, joint_w=0.000000, joint_uw=0
  [coarea T1/menu] batch 1410/2000, N_acc=1,116,697,498, N_att=1,410,000,000, rate=8,267,479/s, ESS=1,116,697,216, joint_w=0.000000, joint_uw=0
  [coarea T1/menu] batch 1420/2000, N_acc=1,124,616,853, N_att=1,420,000,000, rate=8,268,032/s, ESS=1,124,616,570, joint_w=0.000000, joint_uw=0
  [coarea T1/menu] batch 1430/2000, N_acc=1,132,534,768, N_att=1,430,000,000, rate=8,267,865/s, ESS=1,132,534,482, joint_w=0.000000, joint_uw=0
  [coarea T1/menu] batch 1440/2000, N_acc=1,140,456,425, N_att=1,440,000,000, rate=8,268,143/s, ESS=1,140,456,137, joint_w=0.000000, joint_uw=0
  [coarea T1/menu] batch 1450/2000, N_acc=1,148,375,263, N_att=1,450,000,000, rate=8,267,744/s, ESS=1,148,374,974, joint_w=0.000000, joint_uw=0
  [coarea T1/menu] batch 1460/2000, N_acc=1,156,296,870, N_att=1,460,000,000, rate=8,268,202/s, ESS=1,156,296,578, joint_w=0.000000, joint_uw=0
  [coarea T1/menu] batch 1470/2000, N_acc=1,164,216,806, N_att=1,470,000,000, rate=8,267,358/s, ESS=1,164,216,513, joint_w=0.000000, joint_uw=0
  [coarea T1/menu] batch 1480/2000, N_acc=1,172,135,690, N_att=1,480,000,000, rate=8,266,700/s, ESS=1,172,135,394, joint_w=0.000000, joint_uw=0
  [coarea T1/menu] batch 1490/2000, N_acc=1,180,055,099, N_att=1,490,000,000, rate=8,264,439/s, ESS=1,180,054,801, joint_w=0.000000, joint_uw=0
  [coarea T1/menu] batch 1500/2000, N_acc=1,187,976,089, N_att=1,500,000,000, rate=8,263,534/s, ESS=1,187,975,789, joint_w=0.000000, joint_uw=0
  [coarea T1/menu] batch 1510/2000, N_acc=1,195,896,752, N_att=1,510,000,000, rate=8,262,430/s, ESS=1,195,896,450, joint_w=0.000000, joint_uw=0
  [coarea T1/menu] batch 1520/2000, N_acc=1,203,814,518, N_att=1,520,000,000, rate=8,260,487/s, ESS=1,203,814,214, joint_w=0.000000, joint_uw=0
  [coarea T1/menu] batch 1530/2000, N_acc=1,211,733,472, N_att=1,530,000,000, rate=8,257,454/s, ESS=1,211,733,167, joint_w=0.000000, joint_uw=0
  [coarea T1/menu] batch 1540/2000, N_acc=1,219,652,885, N_att=1,540,000,000, rate=8,257,952/s, ESS=1,219,652,579, joint_w=0.000000, joint_uw=0
  [coarea T1/menu] batch 1550/2000, N_acc=1,227,573,402, N_att=1,550,000,000, rate=8,258,120/s, ESS=1,227,573,094, joint_w=0.000000, joint_uw=0
  [coarea T1/menu] batch 1560/2000, N_acc=1,235,494,151, N_att=1,560,000,000, rate=8,257,495/s, ESS=1,235,493,839, joint_w=0.000000, joint_uw=0
  [coarea T1/menu] batch 1570/2000, N_acc=1,243,412,306, N_att=1,570,000,000, rate=8,257,252/s, ESS=1,243,411,993, joint_w=0.000000, joint_uw=0
  [coarea T1/menu] batch 1580/2000, N_acc=1,251,332,958, N_att=1,580,000,000, rate=8,256,272/s, ESS=1,251,332,644, joint_w=0.000000, joint_uw=0
  [coarea T1/menu] batch 1590/2000, N_acc=1,259,253,198, N_att=1,590,000,000, rate=8,256,360/s, ESS=1,259,252,882, joint_w=0.000000, joint_uw=0
  [coarea T1/menu] batch 1600/2000, N_acc=1,267,171,539, N_att=1,600,000,000, rate=8,255,421/s, ESS=1,267,171,222, joint_w=0.000000, joint_uw=0
  [coarea T1/menu] batch 1610/2000, N_acc=1,275,091,457, N_att=1,610,000,000, rate=8,255,644/s, ESS=1,275,091,137, joint_w=0.000000, joint_uw=0
  [coarea T1/menu] batch 1620/2000, N_acc=1,283,009,155, N_att=1,620,000,000, rate=8,255,163/s, ESS=1,283,008,834, joint_w=0.000000, joint_uw=0
  [coarea T1/menu] batch 1630/2000, N_acc=1,290,927,744, N_att=1,630,000,000, rate=8,255,068/s, ESS=1,290,927,421, joint_w=0.000000, joint_uw=0
  [coarea T1/menu] batch 1640/2000, N_acc=1,298,843,272, N_att=1,640,000,000, rate=8,254,908/s, ESS=1,298,842,944, joint_w=0.000000, joint_uw=0
  [coarea T1/menu] batch 1650/2000, N_acc=1,306,761,103, N_att=1,650,000,000, rate=8,255,412/s, ESS=1,306,760,773, joint_w=0.000000, joint_uw=0
  [coarea T1/menu] batch 1660/2000, N_acc=1,314,680,693, N_att=1,660,000,000, rate=8,255,049/s, ESS=1,314,680,362, joint_w=0.000000, joint_uw=0
  [coarea T1/menu] batch 1670/2000, N_acc=1,322,598,035, N_att=1,670,000,000, rate=8,255,114/s, ESS=1,322,597,701, joint_w=0.000000, joint_uw=0
  [coarea T1/menu] batch 1680/2000, N_acc=1,330,518,284, N_att=1,680,000,000, rate=8,254,946/s, ESS=1,330,517,949, joint_w=0.000000, joint_uw=0
  [coarea T1/menu] batch 1690/2000, N_acc=1,338,439,592, N_att=1,690,000,000, rate=8,254,028/s, ESS=1,338,439,255, joint_w=0.000000, joint_uw=0
  [coarea T1/menu] batch 1700/2000, N_acc=1,346,359,839, N_att=1,700,000,000, rate=8,254,485/s, ESS=1,346,359,501, joint_w=0.000000, joint_uw=0
  [coarea T1/menu] batch 1710/2000, N_acc=1,354,278,086, N_att=1,710,000,000, rate=8,255,002/s, ESS=1,354,277,746, joint_w=0.000000, joint_uw=0
  [coarea T1/menu] batch 1720/2000, N_acc=1,362,197,990, N_att=1,720,000,000, rate=8,255,235/s, ESS=1,362,197,649, joint_w=0.000000, joint_uw=0
  [coarea T1/menu] batch 1730/2000, N_acc=1,370,117,118, N_att=1,730,000,000, rate=8,254,327/s, ESS=1,370,116,776, joint_w=0.000000, joint_uw=0
  [coarea T1/menu] batch 1740/2000, N_acc=1,378,036,553, N_att=1,740,000,000, rate=8,252,042/s, ESS=1,378,036,210, joint_w=0.000000, joint_uw=0
  [coarea T1/menu] batch 1750/2000, N_acc=1,385,955,336, N_att=1,750,000,000, rate=8,249,980/s, ESS=1,385,954,992, joint_w=0.000000, joint_uw=0
  [coarea T1/menu] batch 1760/2000, N_acc=1,393,874,166, N_att=1,760,000,000, rate=8,248,579/s, ESS=1,393,873,820, joint_w=0.000000, joint_uw=0
  [coarea T1/menu] batch 1770/2000, N_acc=1,401,792,422, N_att=1,770,000,000, rate=8,248,854/s, ESS=1,401,792,075, joint_w=0.000000, joint_uw=0
  [coarea T1/menu] batch 1780/2000, N_acc=1,409,711,804, N_att=1,780,000,000, rate=8,247,419/s, ESS=1,409,711,455, joint_w=0.000000, joint_uw=0
  [coarea T1/menu] batch 1790/2000, N_acc=1,417,632,841, N_att=1,790,000,000, rate=8,246,709/s, ESS=1,417,632,490, joint_w=0.000000, joint_uw=0
  [coarea T1/menu] batch 1800/2000, N_acc=1,425,553,275, N_att=1,800,000,000, rate=8,246,080/s, ESS=1,425,552,923, joint_w=0.000000, joint_uw=0
  [coarea T1/menu] batch 1810/2000, N_acc=1,433,472,812, N_att=1,810,000,000, rate=8,245,304/s, ESS=1,433,472,459, joint_w=0.000000, joint_uw=0
  [coarea T1/menu] batch 1820/2000, N_acc=1,441,391,883, N_att=1,820,000,000, rate=8,245,559/s, ESS=1,441,391,528, joint_w=0.000000, joint_uw=0
  [coarea T1/menu] batch 1830/2000, N_acc=1,449,313,506, N_att=1,830,000,000, rate=8,246,137/s, ESS=1,449,313,149, joint_w=0.000000, joint_uw=0
  [coarea T1/menu] batch 1840/2000, N_acc=1,457,231,458, N_att=1,840,000,000, rate=8,247,120/s, ESS=1,457,231,100, joint_w=0.000000, joint_uw=0
  [coarea T1/menu] batch 1850/2000, N_acc=1,465,151,052, N_att=1,850,000,000, rate=8,247,414/s, ESS=1,465,150,692, joint_w=0.000000, joint_uw=0
  [coarea T1/menu] batch 1860/2000, N_acc=1,473,069,146, N_att=1,860,000,000, rate=8,246,091/s, ESS=1,473,068,784, joint_w=0.000000, joint_uw=0
  [coarea T1/menu] batch 1870/2000, N_acc=1,480,987,785, N_att=1,870,000,000, rate=8,242,453/s, ESS=1,480,987,420, joint_w=0.000000, joint_uw=0
  [coarea T1/menu] batch 1880/2000, N_acc=1,488,907,191, N_att=1,880,000,000, rate=8,241,566/s, ESS=1,488,906,824, joint_w=0.000000, joint_uw=0
  [coarea T1/menu] batch 1890/2000, N_acc=1,496,824,859, N_att=1,890,000,000, rate=8,241,047/s, ESS=1,496,824,489, joint_w=0.000000, joint_uw=0
  [coarea T1/menu] batch 1900/2000, N_acc=1,504,745,702, N_att=1,900,000,000, rate=8,238,716/s, ESS=1,504,745,331, joint_w=0.000000, joint_uw=0
  [coarea T1/menu] batch 1910/2000, N_acc=1,512,666,892, N_att=1,910,000,000, rate=8,235,461/s, ESS=1,512,666,520, joint_w=0.000000, joint_uw=0
  [coarea T1/menu] batch 1920/2000, N_acc=1,520,586,543, N_att=1,920,000,000, rate=8,233,170/s, ESS=1,520,586,168, joint_w=0.000000, joint_uw=0
  [coarea T1/menu] batch 1930/2000, N_acc=1,528,506,742, N_att=1,930,000,000, rate=8,231,123/s, ESS=1,528,506,365, joint_w=0.000000, joint_uw=0
  [coarea T1/menu] batch 1940/2000, N_acc=1,536,426,910, N_att=1,940,000,000, rate=8,229,746/s, ESS=1,536,426,531, joint_w=0.000000, joint_uw=0
  [coarea T1/menu] batch 1950/2000, N_acc=1,544,344,768, N_att=1,950,000,000, rate=8,226,931/s, ESS=1,544,344,387, joint_w=0.000000, joint_uw=0
  [coarea T1/menu] batch 1960/2000, N_acc=1,552,264,441, N_att=1,960,000,000, rate=8,224,801/s, ESS=1,552,264,057, joint_w=0.000000, joint_uw=0
  [coarea T1/menu] batch 1970/2000, N_acc=1,560,183,679, N_att=1,970,000,000, rate=8,223,035/s, ESS=1,560,183,294, joint_w=0.000000, joint_uw=0
  [coarea T1/menu] batch 1980/2000, N_acc=1,568,100,684, N_att=1,980,000,000, rate=8,222,582/s, ESS=1,568,100,294, joint_w=0.000000, joint_uw=0
  [coarea T1/menu] batch 1990/2000, N_acc=1,576,018,146, N_att=1,990,000,000, rate=8,222,040/s, ESS=1,576,017,753, joint_w=0.000000, joint_uw=0
  [coarea T1/menu] batch 2000/2000, N_acc=1,583,937,415, N_att=2,000,000,000, rate=8,221,797/s, ESS=1,583,937,019, joint_w=0.000000, joint_uw=0

  DONE: N_acc=1,583,937,415, ESS=1,583,937,019
  Joint unweighted: 0/1583937415 = 0.000000e+00
  Joint weighted:   0.000000
  CP95: [0.000000e+00, 2.328930e-09]
  Elapsed: 243s
  Saved: results/coarea/tier1_T1_coarea_menu_logU_seed271828.json

======================================================================
COMPARISON: Three T1 Constructions
======================================================================

  Construction                   Median log10(r)    Zero-hit CP95      N_eff          
  ────────────────────────────── ────────────────── ────────────────── ───────────────
  Specified sheet (m3,m1/m3)     -3.418298          1.844440e-09       2.0e9          
  Alt sheet (m2,m1/m2)           -4.178761          1.844440e-08       2.0e8          
  Co-area derived (1/|∇Q|)       -2.332516          2.328930e-09       1.6e+09        

  Sheet-dependence verdict:
    Co-area median log10(r) differs from specified: YES
    Co-area median log10(r) differs from alt:       YES

  >>> The joint conclusion IS sheet-dependent at the precision of this study. The co-area derived conditional differs from the specified sheet measure(s) in its scalar distribution. The bounds are all zero-hit (CP95 upper limits) and differ only through N_eff, not through the measure shape directly.

Saved comparison: results/coarea/comparison.json

======================================================================
CO-AREA ENGINE v1.0 — COMPLETE
======================================================================
GATE C1: ✗ FAILED
GATE C2: ✓ PASSED
Co-area Tier-1: 0 hits / 1,583,937,415 accepted
CP95: [0.000000e+00, 2.328930e-09]
Verdict: The joint conclusion IS sheet-dependent at the precision of this study. The co-area derived conditional differs from the specified sheet measure(s) in its scalar distribution. The bounds are all zero-hit (CP95 upper limits) and differ only through N_eff, not through the measure shape directly.

All output in: results/coarea/

DONE — co-area engine v1.0
